#-----------------------------------------------------------
# Webtalk v2017.4 (64-bit)
# SW Build 2086221 on Fri Dec 15 20:55:39 MST 2017
# IP Build 2085800 on Fri Dec 15 22:25:07 MST 2017
# Start of session at: Fri May  4 11:21:09 2018
# Process ID: 9128
# Current directory: C:/Users/isaac/Desktop/6to Semestre/Sistemas embebidos/AES-EM18/Decryption/Inv_SubBytes/Inv_SubBytes.sim/sim_1/synth/func/xsim
# Command line: wbtcv.exe -mode batch -source C:/Users/isaac/Desktop/6to Semestre/Sistemas embebidos/AES-EM18/Decryption/Inv_SubBytes/Inv_SubBytes.sim/sim_1/synth/func/xsim/xsim.dir/Inv_SubBytes_tb_func_synth/webtalk/xsim_webtalk.tcl -notrace
# Log file: C:/Users/isaac/Desktop/6to Semestre/Sistemas embebidos/AES-EM18/Decryption/Inv_SubBytes/Inv_SubBytes.sim/sim_1/synth/func/xsim/webtalk.log
# Journal file: C:/Users/isaac/Desktop/6to Semestre/Sistemas embebidos/AES-EM18/Decryption/Inv_SubBytes/Inv_SubBytes.sim/sim_1/synth/func/xsim\webtalk.jou
#-----------------------------------------------------------
source C:/Users/isaac/Desktop/6to -notrace
